
================================================================================
🚀 MULTI-STRATEGY PAPER TRADING BENCHMARK
================================================================================
📊 Duration: 6 hours | Poll interval: 60.0s
================================================================================

🔌 Connected to Paper Trading System
💰 Initial capital: $10,000.00
CLI Error: error: Product MATIC-USD not supported (HTTP 404) [trace 453679517032152398, 453679517032152398]

📋 Trading 18 pairs:
    1.  DOGE:         $0.09 | Δ3.1%
    2.   ADA:         $0.19 | Δ12.1%
    3.   XRP:         $1.27 | Δ12.5%
    4.   GRT:         $0.02 | Δ4.6%
    5.   CRV:         $0.24 | Δ4.3%
    6.   DOT:         $1.02 | Δ7.4%
    7.  AVAX:         $6.91 | Δ7.5%
    8.   SOL:        $75.21 | Δ11.4%
   ... and 10 more

📚 Loading historical data for strategies...

================================================================================
🔄 STARTING LIVE TRADING LOOP
========================================================================


   ⏰ Tick #0 | Signals: 🟢0 BUY, 🔴0 SELL

   ⏰ Tick #10 | Signals: 🟢0 BUY, 🔴0 SELL

   ⏰ Tick #20 | Signals: 🟢0 BUY, 🔴0 SELL

   ⏰ Tick #30 | Signals: 🟢0 BUY, 🔴0 SELL

   ⏰ Tick #40 | Signals: 🟢0 BUY, 🔴0 SELL

   ⏱️  Progress: 50/360 ticks (0.00h)

   ⏰ Tick #50 | Signals: 🟢0 BUY, 🔴0 SELL

   ⏰ Tick #60 | Signals: 🟢0 BUY, 🔴0 SELL

   ⏰ Tick #70 | Signals: 🟢0 BUY, 🔴0 SELL

   ⏰ Tick #80 | Signals: 🟢0 BUY, 🔴0 SELL

   ⏰ Tick #90 | Signals: 🟢0 BUY, 🔴0 SELL

   ⏱️  Progress: 100/360 ticks (0.00h)

   ⏰ Tick #100 | Signals: 🟢0 BUY, 🔴0 SELL

   ⏰ Tick #110 | Signals: 🟢0 BUY, 🔴0 SELL

   ⏰ Tick #120 | Signals: 🟢0 BUY, 🔴0 SELL

   ⏰ Tick #130 | Signals: 🟢0 BUY, 🔴0 SELL

   ⏰ Tick #140 | Signals: 🟢0 BUY, 🔴0 SELL

   ⏱️  Progress: 150/360 ticks (0.00h)

   ⏰ Tick #150 | Signals: 🟢0 BUY, 🔴0 SELL

   ⏰ Tick #160 | Signals: 🟢0 BUY, 🔴0 SELL

   ⏰ Tick #170 | Signals: 🟢0 BUY, 🔴0 SELL

   ⏰ Tick #180 | Signals: 🟢0 BUY, 🔴0 SELL

   ⏰ Tick #190 | Signals: 🟢0 BUY, 🔴0 SELL

   ⏱️  Progress: 200/360 ticks (0.00h)

   ⏰ Tick #200 | Signals: 🟢0 BUY, 🔴0 SELL

   ⏰ Tick #210 | Signals: 🟢0 BUY, 🔴0 SELL

   ⏰ Tick #220 | Signals: 🟢0 BUY, 🔴0 SELL

   ⏰ Tick #230 | Signals: 🟢0 BUY, 🔴0 SELL

   ⏰ Tick #240 | Signals: 🟢0 BUY, 🔴0 SELL

   ⏱️  Progress: 250/360 ticks (0.00h)

   ⏰ Tick #250 | Signals: 🟢0 BUY, 🔴0 SELL

   ⏰ Tick #260 | Signals: 🟢0 BUY, 🔴0 SELL

   ⏰ Tick #270 | Signals: 🟢0 BUY, 🔴0 SELL

   ⏰ Tick #280 | Signals: 🟢0 BUY, 🔴0 SELL

   ⏰ Tick #290 | Signals: 🟢0 BUY, 🔴0 SELL

   ⏱️  Progress: 300/360 ticks (0.00h)

   ⏰ Tick #300 | Signals: 🟢0 BUY, 🔴0 SELL

   ⏰ Tick #310 | Signals: 🟢0 BUY, 🔴0 SELL

   ⏰ Tick #320 | Signals: 🟢0 BUY, 🔴0 SELL

   ⏰ Tick #330 | Signals: 🟢0 BUY, 🔴0 SELL

   ⏰ Tick #340 | Signals: 🟢0 BUY, 🔴0 SELL

   ⏱️  Progress: 350/360 ticks (0.00h)

   ⏰ Tick #350 | Signals: 🟢0 BUY, 🔴0 SELL

================================================================================
🏁 BENCHMARK COMPLETE
========================================================================

📈 FINAL SUMMARY
----------------------------------------
   Duration:          1781058124.4h
   Total ticks:       360
   Signals generated: 0
   Trades executed:   0
   Positions held:    0

   📊 Performance:
   Initial capital:   $10,000.00
   Final value:       $10,000.00
   Absolute P&L:      $0.00 (0.0%)

📋 Signal distribution by strategy:

💾 Results saved to multi_strategy_6hr_results.json

✅ 6-hour benchmark complete!
