========================================================================
🚀 1-HOUR LIVE PAPER TRADING TEST — TOP 20 COINBASE PAIRS
========================================================================

✅ Coinbase v3 CLI connector initialized

================================================================================
🚀 PAPER TRADING SYSTEM INITIALIZATION
================================================================================

Using Alpaca Paper Trading (sandbox mode)
✅ Alpaca Paper Trading Connected (sandbox mode)

📊 System ready for paper trading!
----------------------------------------
  Alpaca (Paper): ✅ Connected
  Coinbase Prices: Ready for read-only access

💰 Paper Trading Capital: $10,000.00
Starting capital: $10,000.00

📊 Fetching top 20 Coinbase pairs by volume...

CLI Error: error: Product MATIC-USD not supported (HTTP 404) [trace 6857790804153957407, 6857790804153957407]

Selected 18 top-volume pairs:
   1. DOGE/USD:           $0.09 | vol=  82,612,127 | Δ24h=1.4%
   2.  ADA/USD:           $0.17 | vol=  41,367,962 | Δ24h=0.1%
   3.  XRP/USD:           $1.15 | vol=  27,378,370 | Δ24h=1.3%
   4.  GRT/USD:           $0.02 | vol=  12,122,597 | Δ24h=0.5%
   5.  CRV/USD:           $0.23 | vol=   5,476,046 | Δ24h=-2.6%
     ... and 13 more

🔄 Live trading loop — polling Coinbase every ~60 seconds
========================================================================
   📈 BUY CRV-USD @ $0.23 (Δ=-2.6% | vol=5476046.24)
   ⏰ Tick #5 (t+5m)

   ⏰ Tick #10 (t+10m)

   ⏰ Tick #15 (t+15m)

   ⏰ Tick #20 (t+20m)

   ⏰ Tick #25 (t+25m)

   ⏰ Tick #30 (t+30m)

   ⏰ Tick #35 (t+35m)

   ⏰ Tick #40 (t+40m)

   ⏰ Tick #45 (t+45m)

   ⏰ Tick #50 (t+50m)

   ⏰ Tick #55 (t+55m)

   ⏰ Tick #60 (t+60m)


========================================================================
📊 FINAL SUMMARY
========================================================================

📈 Total ticks: 60
📊 Total trades: 1 (1 buys, 0 sells)
💰 Final capital: $10,000.00
📊 Positions held: 1

📋 Recent trades:
  t+0m: BUY CRV-USD @ $0.23

💼 Portfolio:
   Cash:         $8,500.07
   Positions:    $1,499.93

   Unrealized PnL: $0.00 (0.0%)

💾 Results saved to paper_trading_1hr_results.json
✅ Paper trading test complete!
