============================================================
LIVE COINBASE PAPER TRADING
============================================================
Symbols: BTC-USD, ETH-USD, SOL-USD, ADA-USD, XRP-USD
Poll Interval: 60 seconds
Press Ctrl+C to stop

🔄 Starting live paper trading...
📊 POSITION OPENED: BTC-USD long @ $66622.695000
   Strategy: momentum, Signal Strength: 0.312
📈 POSITION CLOSED: BTC-USD @ $1826.970000
   P&L: -486.29 (-97.26%)
📊 POSITION OPENED: ETH-USD long @ $1826.970000
   Strategy: momentum, Signal Strength: 0.293
📈 POSITION CLOSED: ETH-USD @ $75.320000
   P&L: -479.39 (-95.88%)
📊 POSITION OPENED: SOL-USD long @ $75.320000
   Strategy: momentum, Signal Strength: 0.301
📈 POSITION CLOSED: SOL-USD @ $0.186100
   P&L: -498.76 (-99.75%)
📊 POSITION OPENED: ADA-USD long @ $0.186100
   Strategy: momentum, Signal Strength: 0.297
📈 POSITION CLOSED: ADA-USD @ $1.275650
   P&L: +2927.32 (+585.46%)
📊 POSITION OPENED: XRP-USD long @ $1.275650
   Strategy: momentum, Signal Strength: 0.288
📈 POSITION CLOSED: XRP-USD @ $66649.615000
   P&L: +26123285.91 (+5224657.18%)
📊 POSITION OPENED: BTC-USD long @ $66649.615000
   Strategy: momentum, Signal Strength: 0.350
📈 POSITION CLOSED: BTC-USD @ $1827.220000
   P&L: -486.29 (-97.26%)
📊 POSITION OPENED: ETH-USD long @ $1827.220000
   Strategy: momentum, Signal Strength: 0.288
📈 POSITION CLOSED: ETH-USD @ $75.385000
   P&L: -479.37 (-95.87%)
📊 POSITION OPENED: SOL-USD long @ $75.385000
   Strategy: momentum, Signal Strength: 0.319
📈 POSITION CLOSED: SOL-USD @ $0.186200
   P&L: -498.77 (-99.75%)
📊 POSITION OPENED: ADA-USD long @ $0.186200
   Strategy: momentum, Signal Strength: 0.327
📈 POSITION CLOSED: ADA-USD @ $1.276800
   P&L: +2928.57 (+585.71%)
📊 POSITION OPENED: XRP-USD long @ $1.276800
   Strategy: momentum, Signal Strength: 0.252
📈 POSITION CLOSED: XRP-USD @ $66647.915000
   P&L: +26099090.77 (+5219818.15%)
📊 POSITION OPENED: BTC-USD long @ $66647.915000
   Strategy: momentum, Signal Strength: 0.311
📈 POSITION CLOSED: BTC-USD @ $1828.480000
   P&L: -486.28 (-97.26%)
📊 POSITION OPENED: ETH-USD long @ $1828.480000
   Strategy: momentum, Signal Strength: 0.267
📈 POSITION CLOSED: ETH-USD @ $75.430000
   P&L: -479.37 (-95.87%)
📊 POSITION OPENED: SOL-USD long @ $75.430000
   Strategy: momentum, Signal Strength: 0.311
📈 POSITION CLOSED: SOL-USD @ $0.186300
   P&L: -498.77 (-99.75%)
📊 POSITION OPENED: ADA-USD long @ $0.186300
   Strategy: momentum, Signal Strength: 0.310
📈 POSITION CLOSED: ADA-USD @ $1.278650
   P&L: +2931.70 (+586.34%)
📊 POSITION OPENED: XRP-USD long @ $1.278650
   Strategy: momentum, Signal Strength: 0.276
📈 POSITION CLOSED: XRP-USD @ $66688.515000
   P&L: +26077205.00 (+5215441.00%)
📊 POSITION OPENED: BTC-USD long @ $66688.515000
   Strategy: momentum, Signal Strength: 0.293
📈 POSITION CLOSED: BTC-USD @ $1828.350000
   P&L: -486.29 (-97.26%)
📊 POSITION OPENED: ETH-USD long @ $1828.350000
   Strategy: momentum, Signal Strength: 0.299
📈 POSITION CLOSED: ETH-USD @ $75.405000
   P&L: -479.38 (-95.88%)
📊 POSITION OPENED: SOL-USD long @ $75.405000
   Strategy: momentum, Signal Strength: 0.334
📈 POSITION CLOSED: SOL-USD @ $0.186400
   P&L: -498.76 (-99.75%)
📊 POSITION OPENED: ADA-USD long @ $0.186400
   Strategy: momentum, Signal Strength: 0.280
📈 POSITION CLOSED: ADA-USD @ $1.279550
   P&L: +2932.27 (+586.45%)
📊 POSITION OPENED: XRP-USD long @ $1.279550
   Strategy: momentum, Signal Strength: 0.311
📈 POSITION CLOSED: XRP-USD @ $66672.855000
   P&L: +26052743.33 (+5210548.67%)
📊 POSITION OPENED: BTC-USD long @ $66672.855000
   Strategy: momentum, Signal Strength: 0.325
📈 POSITION CLOSED: BTC-USD @ $1827.820000
   P&L: -486.29 (-97.26%)
📊 POSITION OPENED: ETH-USD long @ $1827.820000
   Strategy: momentum, Signal Strength: 0.284
📈 POSITION CLOSED: ETH-USD @ $75.410000
   P&L: -479.37 (-95.87%)
📊 POSITION OPENED: SOL-USD long @ $75.410000
   Strategy: momentum, Signal Strength: 0.294
📈 POSITION CLOSED: SOL-USD @ $0.186700
   P&L: -498.76 (-99.75%)
📊 POSITION OPENED: ADA-USD long @ $0.186700
   Strategy: momentum, Signal Strength: 0.245
📈 POSITION CLOSED: ADA-USD @ $1.279750
   P&L: +2927.29 (+585.46%)
📊 POSITION OPENED: XRP-USD long @ $1.279750
   Strategy: momentum, Signal Strength: 0.311
📈 POSITION CLOSED: XRP-USD @ $66615.880000
   P&L: +26026411.51 (+5205282.30%)
📊 POSITION OPENED: BTC-USD long @ $66615.880000
   Strategy: momentum, Signal Strength: 0.336
📈 POSITION CLOSED: BTC-USD @ $1825.635000
   P&L: -486.30 (-97.26%)
📊 POSITION OPENED: ETH-USD long @ $1825.635000
   Strategy: momentum, Signal Strength: 0.263
📈 POSITION CLOSED: ETH-USD @ $75.285000
   P&L: -479.38 (-95.88%)
📊 POSITION OPENED: SOL-USD long @ $75.285000
   Strategy: momentum, Signal Strength: 0.295
📈 POSITION CLOSED: SOL-USD @ $0.186150
   P&L: -498.76 (-99.75%)
📊 POSITION OPENED: ADA-USD long @ $0.186150
   Strategy: momentum, Signal Strength: 0.326
📈 POSITION CLOSED: ADA-USD @ $1.277650
   P&L: +2931.78 (+586.36%)
📊 POSITION OPENED: XRP-USD long @ $1.277650
   Strategy: momentum, Signal Strength: 0.343
📈 POSITION CLOSED: XRP-USD @ $66598.330000
   P&L: +26062322.37 (+5212464.47%)
📊 POSITION OPENED: BTC-USD long @ $66598.330000
   Strategy: momentum, Signal Strength: 0.295
📈 POSITION CLOSED: BTC-USD @ $1824.275000
   P&L: -486.30 (-97.26%)
📊 POSITION OPENED: ETH-USD long @ $1824.275000
   Strategy: momentum, Signal Strength: 0.285
📈 POSITION CLOSED: ETH-USD @ $75.265000
   P&L: -479.37 (-95.87%)
📊 POSITION OPENED: SOL-USD long @ $75.265000
   Strategy: momentum, Signal Strength: 0.300
📈 POSITION CLOSED: SOL-USD @ $0.185900
   P&L: -498.77 (-99.75%)
📊 POSITION OPENED: ADA-USD long @ $0.185900
   Strategy: momentum, Signal Strength: 0.350
📈 POSITION CLOSED: ADA-USD @ $1.277100
   P&L: +2934.91 (+586.98%)
📊 POSITION OPENED: XRP-USD long @ $1.277100
   Strategy: momentum, Signal Strength: 0.338
📈 POSITION CLOSED: XRP-USD @ $66593.030000
   P&L: +26071471.65 (+5214294.33%)
📊 POSITION OPENED: BTC-USD long @ $66593.030000
   Strategy: momentum, Signal Strength: 0.298
📈 POSITION CLOSED: BTC-USD @ $1823.840000
   P&L: -486.31 (-97.26%)
📊 POSITION OPENED: ETH-USD long @ $1823.840000
   Strategy: momentum, Signal Strength: 0.321
📈 POSITION CLOSED: ETH-USD @ $75.205000
   P&L: -479.38 (-95.88%)
📊 POSITION OPENED: SOL-USD long @ $75.205000
   Strategy: momentum, Signal Strength: 0.322
📈 POSITION CLOSED: SOL-USD @ $0.185750
   P&L: -498.77 (-99.75%)
📊 POSITION OPENED: ADA-USD long @ $0.185750
   Strategy: momentum, Signal Strength: 0.290
📈 POSITION CLOSED: ADA-USD @ $1.273500
   P&L: +2927.99 (+585.60%)
📊 POSITION OPENED: XRP-USD long @ $1.273500
   Strategy: momentum, Signal Strength: 0.275
