2026-06-09 18:40:04,002 - WARNING - Alpha Vantage API key not configured. Using free tier (5 calls/min, 500/day).
2026-06-09 18:40:04,003 - INFO - [1/10] AAPL (AlphaVantage)
2026-06-09 18:40:04,003 - INFO - Fetching AAPL [daily] 2025-06-09 to 2025-07-09
2026-06-09 18:40:04,413 - ERROR - API Error: Invalid API call. Please retry or visit the documentation (https://www.alphavantage.co/documentation/) for TIME_SERIES_DAILY.
2026-06-09 18:40:04,414 - WARNING - Continuing fetch from last successful point...
2026-06-09 18:40:04,415 - ERROR - No data fetched. Returning empty list.
2026-06-09 18:40:04,415 - WARNING -   No data for AAPL
2026-06-09 18:40:04,415 - INFO - [2/10] MSFT (AlphaVantage)
2026-06-09 18:40:04,415 - INFO - Fetching MSFT [daily] 2025-06-09 to 2025-07-09
2026-06-09 18:41:04,575 - INFO - Fetching MSFT [daily] 2025-07-09 to 2025-08-08
2026-06-09 18:41:04,717 - ERROR - API Error: Invalid API call. Please retry or visit the documentation (https://www.alphavantage.co/documentation/) for TIME_SERIES_DAILY.
2026-06-09 18:41:04,717 - WARNING - Continuing fetch from last successful point...
2026-06-09 18:41:04,717 - ERROR - No data fetched. Returning empty list.
2026-06-09 18:41:04,717 - WARNING -   No data for MSFT
2026-06-09 18:41:04,717 - INFO - [3/10] GOOGL (AlphaVantage)
2026-06-09 18:41:04,717 - INFO - Fetching GOOGL [daily] 2025-06-09 to 2025-07-09
2026-06-09 18:42:04,838 - INFO - Fetching GOOGL [daily] 2025-07-09 to 2025-08-08
2026-06-09 18:42:05,434 - ERROR - API Error: Invalid API call. Please retry or visit the documentation (https://www.alphavantage.co/documentation/) for TIME_SERIES_DAILY.
2026-06-09 18:42:05,434 - WARNING - Continuing fetch from last successful point...
2026-06-09 18:42:05,434 - ERROR - No data fetched. Returning empty list.
2026-06-09 18:42:05,434 - WARNING -   No data for GOOGL
2026-06-09 18:42:05,434 - INFO - [4/10] AMZN (AlphaVantage)
2026-06-09 18:42:05,434 - INFO - Fetching AMZN [daily] 2025-06-09 to 2025-07-09
