2026-06-09 12:58:32,307 - INFO - [1/5] BTC-USD (coinbase)
2026-06-09 12:58:32,307 - INFO - Fetching BTC-USD [hour] 2025-06-09 to 2025-06-10
2026-06-09 12:58:32,479 - WARNING - Request failed (attempt 1/3): HTTP Error 400: Bad Request. Retrying in 2s...
2026-06-09 12:58:34,615 - WARNING - Request failed (attempt 2/3): HTTP Error 400: Bad Request. Retrying in 4s...
2026-06-09 12:58:38,742 - ERROR - Failed after 3 attempts: HTTP Error 400: Bad Request
2026-06-09 12:58:38,743 - WARNING -   No data for BTC-USD
2026-06-09 12:58:38,743 - INFO - [2/5] ETH-USD (coinbase)
2026-06-09 12:58:38,743 - INFO - Fetching ETH-USD [hour] 2025-06-09 to 2025-06-10
2026-06-09 12:58:38,862 - WARNING - Request failed (attempt 1/3): HTTP Error 400: Bad Request. Retrying in 2s...
2026-06-09 12:58:40,976 - WARNING - Request failed (attempt 2/3): HTTP Error 400: Bad Request. Retrying in 4s...
2026-06-09 12:58:45,110 - ERROR - Failed after 3 attempts: HTTP Error 400: Bad Request
2026-06-09 12:58:45,110 - WARNING -   No data for ETH-USD
2026-06-09 12:58:45,110 - INFO - [3/5] SOL-USD (coinbase)
2026-06-09 12:58:45,111 - INFO - Fetching SOL-USD [hour] 2025-06-09 to 2025-06-10
2026-06-09 12:58:45,229 - WARNING - Request failed (attempt 1/3): HTTP Error 400: Bad Request. Retrying in 2s...
2026-06-09 12:58:47,362 - WARNING - Request failed (attempt 2/3): HTTP Error 400: Bad Request. Retrying in 4s...
2026-06-09 12:58:51,480 - ERROR - Failed after 3 attempts: HTTP Error 400: Bad Request
2026-06-09 12:58:51,480 - WARNING -   No data for SOL-USD
2026-06-09 12:58:51,480 - INFO - [4/5] SPY-USD (coinbase)
2026-06-09 12:58:51,480 - INFO - Fetching SPY-USD [hour] 2025-06-09 to 2025-06-10
2026-06-09 12:58:51,610 - WARNING - Request failed (attempt 1/3): HTTP Error 404: Not Found. Retrying in 2s...
2026-06-09 12:58:53,735 - WARNING - Request failed (attempt 2/3): HTTP Error 404: Not Found. Retrying in 4s...
2026-06-09 12:58:57,874 - ERROR - Failed after 3 attempts: HTTP Error 404: Not Found
2026-06-09 12:58:57,874 - WARNING -   No data for SPY-USD
2026-06-09 12:58:57,874 - INFO - [5/5] QQQ-USD (coinbase)
2026-06-09 12:58:57,874 - INFO - Fetching QQQ-USD [hour] 2025-06-09 to 2025-06-10
2026-06-09 12:58:58,016 - WARNING - Request failed (attempt 1/3): HTTP Error 404: Not Found. Retrying in 2s...
2026-06-09 12:59:00,160 - WARNING - Request failed (attempt 2/3): HTTP Error 404: Not Found. Retrying in 4s...
2026-06-09 12:59:04,271 - ERROR - Failed after 3 attempts: HTTP Error 404: Not Found
2026-06-09 12:59:04,271 - WARNING -   No data for QQQ-USD
2026-06-09 13:37:36,272 - INFO - Fetching BTC [1h] 2024-12-31 to 2025-01-30
2026-06-09 13:37:36,481 - WARNING - Request failed (attempt 1/3): HTTP Error 404: Not Found. Retrying in 2s...
2026-06-09 13:37:38,705 - WARNING - Request failed (attempt 2/3): HTTP Error 404: Not Found. Retrying in 4s...
2026-06-09 13:37:43,292 - ERROR - Failed after 3 attempts: HTTP Error 404: Not Found
2026-06-09 13:37:43,292 - WARNING - No crypto data available for BTC-USD
2026-06-09 13:37:43,292 - INFO - Fetching ETH [1h] 2024-12-31 to 2025-01-30
2026-06-09 13:37:43,474 - WARNING - Request failed (attempt 1/3): HTTP Error 404: Not Found. Retrying in 2s...
2026-06-09 13:37:45,675 - WARNING - Request failed (attempt 2/3): HTTP Error 404: Not Found. Retrying in 4s...
2026-06-09 13:37:50,389 - ERROR - Failed after 3 attempts: HTTP Error 404: Not Found
2026-06-09 13:37:50,389 - WARNING - No crypto data available for ETH-USD
2026-06-09 13:39:22,686 - INFO - Fetching BTC [1h] 2024-12-31 to 2025-01-30
2026-06-09 13:39:22,915 - WARNING - Request failed (attempt 1/3): HTTP Error 404: Not Found. Retrying in 2s...
2026-06-09 13:39:25,042 - WARNING - Request failed (attempt 2/3): HTTP Error 404: Not Found. Retrying in 4s...
2026-06-09 13:39:29,181 - ERROR - Failed after 3 attempts: HTTP Error 404: Not Found
2026-06-09 13:39:29,181 - WARNING - No crypto data available for BTC-USD
2026-06-09 13:39:29,181 - INFO - Fetching ETH [1h] 2024-12-31 to 2025-01-30
2026-06-09 13:39:29,312 - WARNING - Request failed (attempt 1/3): HTTP Error 404: Not Found. Retrying in 2s...
2026-06-09 13:39:31,496 - WARNING - Request failed (attempt 2/3): HTTP Error 404: Not Found. Retrying in 4s...
2026-06-09 13:39:35,700 - ERROR - Failed after 3 attempts: HTTP Error 404: Not Found
2026-06-09 13:39:35,701 - WARNING - No crypto data available for ETH-USD
2026-06-09 13:42:02,332 - INFO - Fetching BTC-USD [hour] 2024-12-31 to 2025-01-01
2026-06-09 13:42:02,667 - WARNING - Request failed (attempt 1/3): HTTP Error 400: Bad Request. Retrying in 2s...
2026-06-09 13:42:05,286 - WARNING - Request failed (attempt 2/3): HTTP Error 400: Bad Request. Retrying in 4s...
2026-06-09 13:42:09,420 - ERROR - Failed after 3 attempts: HTTP Error 400: Bad Request
2026-06-09 13:42:09,421 - WARNING - No crypto data available for BTC-USD
2026-06-09 13:42:09,421 - INFO - Fetching ETH-USD [hour] 2024-12-31 to 2025-01-01
2026-06-09 13:42:09,537 - WARNING - Request failed (attempt 1/3): HTTP Error 400: Bad Request. Retrying in 2s...
2026-06-09 13:42:11,695 - WARNING - Request failed (attempt 2/3): HTTP Error 400: Bad Request. Retrying in 4s...
2026-06-09 13:42:15,855 - ERROR - Failed after 3 attempts: HTTP Error 400: Bad Request
2026-06-09 13:42:15,856 - WARNING - No crypto data available for ETH-USD
2026-06-09 13:43:31,088 - INFO - Fetching BTC-USD [hour] 2024-12-31 to 2025-01-01
2026-06-09 13:43:31,229 - WARNING - Request failed (attempt 1/3): HTTP Error 400: Bad Request. Retrying in 2s...
2026-06-09 13:43:33,443 - WARNING - Request failed (attempt 2/3): HTTP Error 400: Bad Request. Retrying in 4s...
2026-06-09 13:43:37,839 - ERROR - Failed after 3 attempts: HTTP Error 400: Bad Request
2026-06-09 13:43:37,840 - WARNING - No crypto data available for BTC-USD
2026-06-09 13:43:37,840 - INFO - Fetching ETH-USD [hour] 2024-12-31 to 2025-01-01
2026-06-09 13:43:37,962 - WARNING - Request failed (attempt 1/3): HTTP Error 400: Bad Request. Retrying in 2s...
2026-06-09 13:43:40,086 - WARNING - Request failed (attempt 2/3): HTTP Error 400: Bad Request. Retrying in 4s...
2026-06-09 13:43:44,294 - ERROR - Failed after 3 attempts: HTTP Error 400: Bad Request
2026-06-09 13:43:44,294 - WARNING - No crypto data available for ETH-USD
2026-06-09 13:45:00,499 - INFO - Fetching BTC-USD [hour] 2024-12-31 to 2025-01-01
2026-06-09 13:45:00,682 - WARNING - Request failed (attempt 1/3): HTTP Error 400: Bad Request. Retrying in 2s...
2026-06-09 13:45:02,849 - WARNING - Request failed (attempt 2/3): HTTP Error 400: Bad Request. Retrying in 4s...
2026-06-09 13:45:07,119 - ERROR - Failed after 3 attempts: HTTP Error 400: Bad Request
2026-06-09 13:45:07,119 - WARNING - No crypto data available for BTC-USD
2026-06-09 13:45:07,120 - INFO - Fetching ETH-USD [hour] 2024-12-31 to 2025-01-01
2026-06-09 13:45:07,259 - WARNING - Request failed (attempt 1/3): HTTP Error 400: Bad Request. Retrying in 2s...
2026-06-09 13:45:09,860 - WARNING - Request failed (attempt 2/3): HTTP Error 400: Bad Request. Retrying in 4s...
2026-06-09 13:45:14,341 - ERROR - Failed after 3 attempts: HTTP Error 400: Bad Request
2026-06-09 13:45:14,341 - WARNING - No crypto data available for ETH-USD
2026-06-09 13:46:31,811 - INFO - Fetching BTC-USD [hour] 2024-12-31 to 2025-01-01
2026-06-09 13:46:32,016 - WARNING - Request failed (attempt 1/3): HTTP Error 400: Bad Request. Retrying in 2s...
2026-06-09 13:46:34,190 - WARNING - Request failed (attempt 2/3): HTTP Error 400: Bad Request. Retrying in 4s...
2026-06-09 13:46:38,790 - ERROR - Failed after 3 attempts: HTTP Error 400: Bad Request
2026-06-09 13:46:38,790 - WARNING - No crypto data available for BTC-USD
2026-06-09 13:46:38,791 - INFO - Fetching ETH-USD [hour] 2024-12-31 to 2025-01-01
2026-06-09 13:46:38,943 - WARNING - Request failed (attempt 1/3): HTTP Error 400: Bad Request. Retrying in 2s...
2026-06-09 13:46:41,797 - WARNING - Request failed (attempt 2/3): HTTP Error 400: Bad Request. Retrying in 4s...
2026-06-09 13:46:45,966 - ERROR - Failed after 3 attempts: HTTP Error 400: Bad Request
2026-06-09 13:46:45,966 - WARNING - No crypto data available for ETH-USD
2026-06-09 13:48:04,106 - INFO - Fetching BTC-USD [hour] 2024-12-31 to 2025-01-01
2026-06-09 13:48:04,235 - WARNING - Request failed (attempt 1/3): HTTP Error 400: Bad Request. Retrying in 2s...
2026-06-09 13:48:06,440 - WARNING - Request failed (attempt 2/3): HTTP Error 400: Bad Request. Retrying in 4s...
2026-06-09 13:48:10,949 - ERROR - Failed after 3 attempts: HTTP Error 400: Bad Request
2026-06-09 13:48:10,949 - WARNING - No crypto data available for BTC-USD
2026-06-09 13:48:10,950 - INFO - Fetching ETH-USD [hour] 2024-12-31 to 2025-01-01
2026-06-09 13:48:11,108 - WARNING - Request failed (attempt 1/3): HTTP Error 400: Bad Request. Retrying in 2s...
2026-06-09 13:48:13,564 - WARNING - Request failed (attempt 2/3): HTTP Error 400: Bad Request. Retrying in 4s...
2026-06-09 13:48:17,884 - ERROR - Failed after 3 attempts: HTTP Error 400: Bad Request
2026-06-09 13:48:17,885 - WARNING - No crypto data available for ETH-USD
2026-06-09 13:49:36,845 - INFO - Fetching BTC-USD [hour] 2024-12-31 to 2025-01-01
2026-06-09 13:49:36,974 - WARNING - Request failed (attempt 1/3): HTTP Error 400: Bad Request. Retrying in 2s...
2026-06-09 13:49:39,123 - WARNING - Request failed (attempt 2/3): HTTP Error 400: Bad Request. Retrying in 4s...
2026-06-09 13:49:43,257 - ERROR - Failed after 3 attempts: HTTP Error 400: Bad Request
2026-06-09 13:49:43,257 - WARNING - No crypto data available for BTC-USD
2026-06-09 13:49:43,257 - INFO - Fetching ETH-USD [hour] 2024-12-31 to 2025-01-01
2026-06-09 13:49:43,394 - WARNING - Request failed (attempt 1/3): HTTP Error 400: Bad Request. Retrying in 2s...
2026-06-09 13:49:45,760 - WARNING - Request failed (attempt 2/3): HTTP Error 400: Bad Request. Retrying in 4s...
2026-06-09 13:49:49,919 - ERROR - Failed after 3 attempts: HTTP Error 400: Bad Request
2026-06-09 13:49:49,919 - WARNING - No crypto data available for ETH-USD
2026-06-09 13:51:10,494 - INFO - Fetching BTC-USD [hour] 2024-12-31 to 2025-01-01
2026-06-09 13:51:10,756 - WARNING - Request failed (attempt 1/3): HTTP Error 400: Bad Request. Retrying in 2s...
2026-06-09 13:51:12,939 - WARNING - Request failed (attempt 2/3): HTTP Error 400: Bad Request. Retrying in 4s...
2026-06-09 13:51:17,130 - ERROR - Failed after 3 attempts: HTTP Error 400: Bad Request
2026-06-09 13:51:17,131 - WARNING - No crypto data available for BTC-USD
2026-06-09 13:51:17,131 - INFO - Fetching ETH-USD [hour] 2024-12-31 to 2025-01-01
2026-06-09 13:51:17,257 - WARNING - Request failed (attempt 1/3): HTTP Error 400: Bad Request. Retrying in 2s...
2026-06-09 13:51:19,382 - WARNING - Request failed (attempt 2/3): HTTP Error 400: Bad Request. Retrying in 4s...
2026-06-09 13:51:23,774 - ERROR - Failed after 3 attempts: HTTP Error 400: Bad Request
2026-06-09 13:51:23,775 - WARNING - No crypto data available for ETH-USD
2026-06-09 13:52:46,099 - INFO - Fetching BTC-USD [hour] 2024-12-31 to 2025-01-01
2026-06-09 13:52:46,247 - WARNING - Request failed (attempt 1/3): HTTP Error 400: Bad Request. Retrying in 2s...
2026-06-09 13:52:48,756 - WARNING - Request failed (attempt 2/3): HTTP Error 400: Bad Request. Retrying in 4s...
2026-06-09 13:52:52,946 - ERROR - Failed after 3 attempts: HTTP Error 400: Bad Request
2026-06-09 13:52:52,946 - WARNING - No crypto data available for BTC-USD
2026-06-09 13:52:52,947 - INFO - Fetching ETH-USD [hour] 2024-12-31 to 2025-01-01
2026-06-09 13:52:53,072 - WARNING - Request failed (attempt 1/3): HTTP Error 400: Bad Request. Retrying in 2s...
2026-06-09 13:52:55,238 - WARNING - Request failed (attempt 2/3): HTTP Error 400: Bad Request. Retrying in 4s...
2026-06-09 13:52:59,343 - ERROR - Failed after 3 attempts: HTTP Error 400: Bad Request
2026-06-09 13:52:59,343 - WARNING - No crypto data available for ETH-USD
2026-06-09 13:54:23,123 - INFO - Fetching BTC-USD [hour] 2024-12-31 to 2025-01-01
2026-06-09 13:54:23,329 - WARNING - Request failed (attempt 1/3): HTTP Error 400: Bad Request. Retrying in 2s...
2026-06-09 13:54:25,483 - WARNING - Request failed (attempt 2/3): HTTP Error 400: Bad Request. Retrying in 4s...
2026-06-09 13:54:29,615 - ERROR - Failed after 3 attempts: HTTP Error 400: Bad Request
2026-06-09 13:54:29,615 - WARNING - No crypto data available for BTC-USD
2026-06-09 13:54:29,615 - INFO - Fetching ETH-USD [hour] 2024-12-31 to 2025-01-01
2026-06-09 13:54:29,778 - WARNING - Request failed (attempt 1/3): HTTP Error 400: Bad Request. Retrying in 2s...
2026-06-09 13:54:31,916 - WARNING - Request failed (attempt 2/3): HTTP Error 400: Bad Request. Retrying in 4s...
2026-06-09 13:54:36,046 - ERROR - Failed after 3 attempts: HTTP Error 400: Bad Request
2026-06-09 13:54:36,046 - WARNING - No crypto data available for ETH-USD
2026-06-09 13:56:02,001 - INFO - Fetching BTC-USD [hour] 2024-12-31 to 2025-01-01
2026-06-09 13:56:02,293 - WARNING - Request failed (attempt 1/3): HTTP Error 400: Bad Request. Retrying in 2s...
2026-06-09 13:56:04,473 - WARNING - Request failed (attempt 2/3): HTTP Error 400: Bad Request. Retrying in 4s...
2026-06-09 13:56:08,652 - ERROR - Failed after 3 attempts: HTTP Error 400: Bad Request
2026-06-09 13:56:08,653 - WARNING - No crypto data available for BTC-USD
2026-06-09 13:56:08,653 - INFO - Fetching ETH-USD [hour] 2024-12-31 to 2025-01-01
2026-06-09 13:56:08,783 - WARNING - Request failed (attempt 1/3): HTTP Error 400: Bad Request. Retrying in 2s...
2026-06-09 13:56:10,891 - WARNING - Request failed (attempt 2/3): HTTP Error 400: Bad Request. Retrying in 4s...
2026-06-09 13:56:15,058 - ERROR - Failed after 3 attempts: HTTP Error 400: Bad Request
2026-06-09 13:56:15,059 - WARNING - No crypto data available for ETH-USD
2026-06-09 13:57:42,505 - INFO - Fetching BTC-USD [hour] 2024-12-31 to 2025-01-01
2026-06-09 13:57:42,859 - WARNING - Request failed (attempt 1/3): HTTP Error 400: Bad Request. Retrying in 2s...
2026-06-09 13:57:45,057 - WARNING - Request failed (attempt 2/3): HTTP Error 400: Bad Request. Retrying in 4s...
2026-06-09 13:57:49,197 - ERROR - Failed after 3 attempts: HTTP Error 400: Bad Request
2026-06-09 13:57:49,198 - WARNING - No crypto data available for BTC-USD
2026-06-09 13:57:49,198 - INFO - Fetching ETH-USD [hour] 2024-12-31 to 2025-01-01
2026-06-09 13:57:49,348 - WARNING - Request failed (attempt 1/3): HTTP Error 400: Bad Request. Retrying in 2s...
2026-06-09 13:57:51,467 - WARNING - Request failed (attempt 2/3): HTTP Error 400: Bad Request. Retrying in 4s...
2026-06-09 13:57:55,682 - ERROR - Failed after 3 attempts: HTTP Error 400: Bad Request
2026-06-09 13:57:55,683 - WARNING - No crypto data available for ETH-USD
2026-06-09 13:59:23,562 - INFO - Fetching BTC-USD [hour] 2024-12-31 to 2025-01-01
2026-06-09 13:59:23,792 - WARNING - Request failed (attempt 1/3): HTTP Error 400: Bad Request. Retrying in 2s...
2026-06-09 13:59:25,998 - WARNING - Request failed (attempt 2/3): HTTP Error 400: Bad Request. Retrying in 4s...
2026-06-09 13:59:30,192 - ERROR - Failed after 3 attempts: HTTP Error 400: Bad Request
2026-06-09 13:59:30,192 - WARNING - No crypto data available for BTC-USD
2026-06-09 13:59:30,193 - INFO - Fetching ETH-USD [hour] 2024-12-31 to 2025-01-01
2026-06-09 13:59:30,312 - WARNING - Request failed (attempt 1/3): HTTP Error 400: Bad Request. Retrying in 2s...
2026-06-09 13:59:32,465 - WARNING - Request failed (attempt 2/3): HTTP Error 400: Bad Request. Retrying in 4s...
2026-06-09 13:59:36,574 - ERROR - Failed after 3 attempts: HTTP Error 400: Bad Request
2026-06-09 13:59:36,574 - WARNING - No crypto data available for ETH-USD
2026-06-09 14:01:06,329 - INFO - Fetching BTC-USD [hour] 2024-12-31 to 2025-01-01
2026-06-09 14:01:06,518 - WARNING - Request failed (attempt 1/3): HTTP Error 400: Bad Request. Retrying in 2s...
2026-06-09 14:01:08,662 - WARNING - Request failed (attempt 2/3): HTTP Error 400: Bad Request. Retrying in 4s...
2026-06-09 14:01:12,842 - ERROR - Failed after 3 attempts: HTTP Error 400: Bad Request
2026-06-09 14:01:12,842 - WARNING - No crypto data available for BTC-USD
2026-06-09 14:01:12,842 - INFO - Fetching ETH-USD [hour] 2024-12-31 to 2025-01-01
2026-06-09 14:01:13,005 - WARNING - Request failed (attempt 1/3): HTTP Error 400: Bad Request. Retrying in 2s...
2026-06-09 14:01:15,115 - WARNING - Request failed (attempt 2/3): HTTP Error 400: Bad Request. Retrying in 4s...
2026-06-09 14:01:19,276 - ERROR - Failed after 3 attempts: HTTP Error 400: Bad Request
2026-06-09 14:01:19,276 - WARNING - No crypto data available for ETH-USD
2026-06-09 14:02:50,158 - INFO - Fetching BTC-USD [hour] 2024-12-31 to 2025-01-01
2026-06-09 14:02:50,432 - WARNING - Request failed (attempt 1/3): HTTP Error 400: Bad Request. Retrying in 2s...
2026-06-09 14:02:52,616 - WARNING - Request failed (attempt 2/3): HTTP Error 400: Bad Request. Retrying in 4s...
2026-06-09 14:02:56,840 - ERROR - Failed after 3 attempts: HTTP Error 400: Bad Request
2026-06-09 14:02:56,841 - WARNING - No crypto data available for BTC-USD
2026-06-09 14:02:56,841 - INFO - Fetching ETH-USD [hour] 2024-12-31 to 2025-01-01
2026-06-09 14:02:56,995 - WARNING - Request failed (attempt 1/3): HTTP Error 400: Bad Request. Retrying in 2s...
2026-06-09 14:02:59,147 - WARNING - Request failed (attempt 2/3): HTTP Error 400: Bad Request. Retrying in 4s...
2026-06-09 14:03:03,296 - ERROR - Failed after 3 attempts: HTTP Error 400: Bad Request
2026-06-09 14:03:03,296 - WARNING - No crypto data available for ETH-USD
