2026-06-09 18:33:55,055 - INFO - [1/10] AAPL
2026-06-09 18:33:55,055 - INFO - Fetching AAPL [1d] 2025-06-09 to 2025-07-09
2026-06-09 18:33:55,585 - WARNING - Request failed (attempt 1/3): 't'. Retrying in 2s...
2026-06-09 18:33:57,838 - WARNING - Request failed (attempt 2/3): 't'. Retrying in 4s...
2026-06-09 18:34:02,062 - ERROR - Failed after 3 attempts: 't'
2026-06-09 18:34:02,062 - WARNING - Continuing fetch from last successful point...
2026-06-09 18:34:02,062 - INFO - ✓ Total: 3 candles for AAPL (1969-12-31 → 1969-12-31)
2026-06-09 18:34:02,072 - INFO -   Saved 3 candles to data/AAPL_backtest.csv
2026-06-09 18:34:02,072 - INFO -   Saved: data/AAPL_backtest.csv
2026-06-09 18:34:02,072 - INFO - [2/10] MSFT
2026-06-09 18:34:02,072 - INFO - Fetching MSFT [1d] 2025-06-09 to 2025-07-09
2026-06-09 18:34:02,311 - WARNING - Request failed (attempt 1/3): 't'. Retrying in 2s...
2026-06-09 18:34:04,524 - WARNING - Request failed (attempt 2/3): 't'. Retrying in 4s...
2026-06-09 18:34:08,759 - ERROR - Failed after 3 attempts: 't'
2026-06-09 18:34:08,759 - WARNING - Continuing fetch from last successful point...
2026-06-09 18:34:08,759 - INFO - ✓ Total: 3 candles for MSFT (1969-12-31 → 1969-12-31)
2026-06-09 18:34:08,760 - INFO -   Saved 3 candles to data/MSFT_backtest.csv
2026-06-09 18:34:08,760 - INFO -   Saved: data/MSFT_backtest.csv
2026-06-09 18:34:08,760 - INFO - [3/10] GOOGL
2026-06-09 18:34:08,760 - INFO - Fetching GOOGL [1d] 2025-06-09 to 2025-07-09
2026-06-09 18:34:08,977 - WARNING - Request failed (attempt 1/3): 't'. Retrying in 2s...
2026-06-09 18:34:11,193 - WARNING - Request failed (attempt 2/3): 't'. Retrying in 4s...
2026-06-09 18:34:15,431 - ERROR - Failed after 3 attempts: 't'
2026-06-09 18:34:15,431 - WARNING - Continuing fetch from last successful point...
2026-06-09 18:34:15,431 - INFO - ✓ Total: 3 candles for GOOGL (1969-12-31 → 1969-12-31)
2026-06-09 18:34:15,431 - INFO -   Saved 3 candles to data/GOOGL_backtest.csv
2026-06-09 18:34:15,431 - INFO -   Saved: data/GOOGL_backtest.csv
2026-06-09 18:34:15,431 - INFO - [4/10] AMZN
2026-06-09 18:34:15,431 - INFO - Fetching AMZN [1d] 2025-06-09 to 2025-07-09
2026-06-09 18:34:15,670 - WARNING - Request failed (attempt 1/3): 't'. Retrying in 2s...
2026-06-09 18:34:17,871 - WARNING - Request failed (attempt 2/3): 't'. Retrying in 4s...
2026-06-09 18:34:22,066 - ERROR - Failed after 3 attempts: 't'
2026-06-09 18:34:22,066 - WARNING - Continuing fetch from last successful point...
2026-06-09 18:34:22,066 - INFO - ✓ Total: 3 candles for AMZN (1969-12-31 → 1969-12-31)
2026-06-09 18:34:22,067 - INFO -   Saved 3 candles to data/AMZN_backtest.csv
2026-06-09 18:34:22,067 - INFO -   Saved: data/AMZN_backtest.csv
2026-06-09 18:34:22,067 - INFO - [5/10] META
2026-06-09 18:34:22,067 - INFO - Fetching META [1d] 2025-06-09 to 2025-07-09
2026-06-09 18:34:22,315 - WARNING - Request failed (attempt 1/3): 't'. Retrying in 2s...
2026-06-09 18:34:24,702 - WARNING - Request failed (attempt 2/3): 't'. Retrying in 4s...
2026-06-09 18:34:29,016 - ERROR - Failed after 3 attempts: 't'
2026-06-09 18:34:29,016 - WARNING - Continuing fetch from last successful point...
2026-06-09 18:34:29,016 - INFO - ✓ Total: 3 candles for META (1969-12-31 → 1969-12-31)
2026-06-09 18:34:29,016 - INFO -   Saved 3 candles to data/META_backtest.csv
2026-06-09 18:34:29,016 - INFO -   Saved: data/META_backtest.csv
2026-06-09 18:34:29,016 - INFO - [6/10] NVDA
2026-06-09 18:34:29,016 - INFO - Fetching NVDA [1d] 2025-06-09 to 2025-07-09
2026-06-09 18:34:29,301 - WARNING - Request failed (attempt 1/3): 't'. Retrying in 2s...
2026-06-09 18:34:31,497 - WARNING - Request failed (attempt 2/3): 't'. Retrying in 4s...
2026-06-09 18:34:35,714 - ERROR - Failed after 3 attempts: 't'
2026-06-09 18:34:35,714 - WARNING - Continuing fetch from last successful point...
2026-06-09 18:34:35,714 - INFO - ✓ Total: 3 candles for NVDA (1969-12-31 → 1969-12-31)
2026-06-09 18:34:35,714 - INFO -   Saved 3 candles to data/NVDA_backtest.csv
2026-06-09 18:34:35,714 - INFO -   Saved: data/NVDA_backtest.csv
2026-06-09 18:34:35,714 - INFO - [7/10] TSLA
2026-06-09 18:34:35,714 - INFO - Fetching TSLA [1d] 2025-06-09 to 2025-07-09
2026-06-09 18:34:35,953 - WARNING - Request failed (attempt 1/3): 't'. Retrying in 2s...
2026-06-09 18:34:38,183 - WARNING - Request failed (attempt 2/3): 't'. Retrying in 4s...
2026-06-09 18:34:42,387 - ERROR - Failed after 3 attempts: 't'
2026-06-09 18:34:42,387 - WARNING - Continuing fetch from last successful point...
2026-06-09 18:34:42,387 - INFO - ✓ Total: 3 candles for TSLA (1969-12-31 → 1969-12-31)
2026-06-09 18:34:42,387 - INFO -   Saved 3 candles to data/TSLA_backtest.csv
2026-06-09 18:34:42,387 - INFO -   Saved: data/TSLA_backtest.csv
2026-06-09 18:34:42,387 - INFO - [8/10] SPY
2026-06-09 18:34:42,387 - INFO - Fetching SPY [1d] 2025-06-09 to 2025-07-09
2026-06-09 18:34:42,558 - WARNING - Request failed (attempt 1/3): 't'. Retrying in 2s...
2026-06-09 18:34:44,781 - WARNING - Request failed (attempt 2/3): 't'. Retrying in 4s...
2026-06-09 18:34:49,036 - ERROR - Failed after 3 attempts: 't'
2026-06-09 18:34:49,036 - WARNING - Continuing fetch from last successful point...
2026-06-09 18:34:49,036 - INFO - ✓ Total: 3 candles for SPY (1969-12-31 → 1969-12-31)
2026-06-09 18:34:49,036 - INFO -   Saved 3 candles to data/SPY_backtest.csv
2026-06-09 18:34:49,037 - INFO -   Saved: data/SPY_backtest.csv
2026-06-09 18:34:49,037 - INFO - [9/10] QQQ
2026-06-09 18:34:49,037 - INFO - Fetching QQQ [1d] 2025-06-09 to 2025-07-09
2026-06-09 18:34:49,365 - WARNING - Request failed (attempt 1/3): 't'. Retrying in 2s...
2026-06-09 18:34:51,738 - WARNING - Request failed (attempt 2/3): 't'. Retrying in 4s...
2026-06-09 18:34:55,949 - ERROR - Failed after 3 attempts: 't'
2026-06-09 18:34:55,949 - WARNING - Continuing fetch from last successful point...
2026-06-09 18:34:55,949 - INFO - ✓ Total: 3 candles for QQQ (1969-12-31 → 1969-12-31)
2026-06-09 18:34:55,958 - INFO -   Saved 3 candles to data/QQQ_backtest.csv
2026-06-09 18:34:55,958 - INFO -   Saved: data/QQQ_backtest.csv
2026-06-09 18:34:55,958 - INFO - [10/10] IWM
2026-06-09 18:34:55,958 - INFO - Fetching IWM [1d] 2025-06-09 to 2025-07-09
2026-06-09 18:34:56,194 - WARNING - Request failed (attempt 1/3): 't'. Retrying in 2s...
2026-06-09 18:34:58,366 - WARNING - Request failed (attempt 2/3): 't'. Retrying in 4s...
2026-06-09 18:35:02,600 - ERROR - Failed after 3 attempts: 't'
2026-06-09 18:35:02,600 - WARNING - Continuing fetch from last successful point...
2026-06-09 18:35:02,600 - INFO - ✓ Total: 3 candles for IWM (1969-12-31 → 1969-12-31)
2026-06-09 18:35:02,600 - INFO -   Saved 3 candles to data/IWM_backtest.csv
2026-06-09 18:35:02,600 - INFO -   Saved: data/IWM_backtest.csv
